[36mvite v8.0.7 [32mbuilding client environment for production...[36m[39m
[2K
transforming...Γ£ô 2473 modules transformed.
rendering chunks...
node.exe : 
[31mΓ£ù[39m Build 
failed in 1.25s
At C:\Program 
Files\nodejs\npx.ps1:29 
char:3
+   & $NODE_EXE 
$NPX_CLI_JS $args
+   ~~~~~~~~~~~~~~~~~~~~
~~~~~~~~~
    + CategoryInfo      
        : NotSpecified: 
(    [31mΓ£ù[39m 
Build fa    iled in 
1.25s:String)     [], 
RemoteException
    + 
FullyQualifiedError    
Id : NativeCommandErr   
 or
 
[31merror during build:
[31mBuild failed with 
1 error:

[31m[MISSING_EXPORT] 
Error:[0m "GitHub" is 
not exported by "node_mo
dules/lucide-react/dist/
esm/lucide-react.js".
   [38;5;246mΓò¡[0m[3
8;5;246mΓöÇ[0m[38;5;24
6m[[0m src/components/l
ayout/Footer.jsx:2:15 
[38;5;246m][0m
   [38;5;246mΓöé[0m
 [38;5;246m2 Γöé[0m [
38;5;249mi[0m[38;5;249
mm[0m[38;5;249mp[0m[
38;5;249mo[0m[38;5;249
mr[0m[38;5;249mt[0m[
38;5;249m [0m[38;5;249
m{[0m[38;5;249m [0m[
38;5;249mZ[0m[38;5;249
ma[0m[38;5;249mp[0m[
38;5;249m,[0m[38;5;249
m [0mGitHub[38;5;249m,
[0m[38;5;249m [0m[38
;5;249mT[0m[38;5;249mw
[0m[38;5;249mi[0m[38
;5;249mt[0m[38;5;249mt
[0m[38;5;249me[0m[38
;5;249mr[0m[38;5;249m,
[0m[38;5;249m [0m[38
;5;249mL[0m[38;5;249mi
[0m[38;5;249mn[0m[38
;5;249mk[0m[38;5;249me
[0m[38;5;249md[0m[38
;5;249mi[0m[38;5;249mn
[0m[38;5;249m,[0m[38
;5;249m [0m[38;5;249mM
[0m[38;5;249ma[0m[38
;5;249mi[0m[38;5;249ml
[0m[38;5;249m,[0m[38
;5;249m [0m[38;5;249mH
[0m[38;5;249me[0m[38
;5;249ma[0m[38;5;249mr
[0m[38;5;249mt[0m[38
;5;249m [0m[38;5;249m}
[0m[38;5;249m [0m[38
;5;249mf[0m[38;5;249mr
[0m[38;5;249mo[0m[38
;5;249mm[0m[38;5;249m 
[0m[38;5;249m"[0m[38
;5;249ml[0m[38;5;249mu
[0m[38;5;249mc[0m[38
;5;249mi[0m[38;5;249md
[0m[38;5;249me[0m[38
;5;249m-[0m[38;5;249mr
[0m[38;5;249me[0m[38
;5;249ma[0m[38;5;249mc
[0m[38;5;249mt[0m[38
;5;249m"[0m[38;5;249m;
[0m
 [38;5;240m  Γöé[0m   
            
ΓöÇΓöÇΓöÇΓö¼ΓöÇΓöÇ  
 [38;5;240m  Γöé[0m   
               
Γò░ΓöÇΓöÇΓöÇΓöÇ Missing 
export
[38;5;246mΓöÇΓöÇΓöÇΓò»
[0m
[31m
    at aggregateBindingE
rrorsIntoJsError (file:/
//C:/Users/Utkarsh%20Pra
tap/gigly/client/node_mo
dules/rolldown/dist/shar
ed/error-DBGOT6sf.mjs:48
:18)
    at 
unwrapBindingResult (fil
e:///C:/Users/Utkarsh%20
Pratap/gigly/client/node
_modules/rolldown/dist/s
hared/error-DBGOT6sf.mjs
:18:128)
    at #build (file:///C
:/Users/Utkarsh%20Pratap
/gigly/client/node_modul
es/rolldown/dist/shared/
rolldown-build-hRnqgxyz.
mjs:3313:34)
    at async 
buildEnvironment (file:/
//C:/Users/Utkarsh%20Pra
tap/gigly/client/node_mo
dules/vite/dist/node/chu
nks/node.js:32954:64)
    at async 
Object.build (file:///C:
/Users/Utkarsh%20Pratap/
gigly/client/node_module
s/vite/dist/node/chunks/
node.js:33376:19)
    at async 
Object.buildApp (file://
/C:/Users/Utkarsh%20Prat
ap/gigly/client/node_mod
ules/vite/dist/node/chun
ks/node.js:33373:153)
    at async 
CAC.<anonymous> (file://
/C:/Users/Utkarsh%20Prat
ap/gigly/client/node_mod
ules/vite/dist/node/cli.
js:778:3) {
  errors: 
[Getter/Setter]
}[39m
